2026-07-23 10:28:58 | INFO    | bei_news.database | Database engine initialized: sqlite:///./data/bei_news_v2.db
2026-07-23 10:28:58 | INFO    | bei_news | Database tables created successfully
2026-07-23 10:28:58 | INFO    | bei_news | Seeded 5 preset news sources from config
2026-07-23 10:28:58 | INFO    | bei_news | Database initialized: sqlite:///./data/bei_news_v2.db
2026-07-23 10:29:06 | INFO    | bei_news.database | Database engine initialized: sqlite:///./data/bei_news_v2.db
2026-07-23 10:29:13 | INFO    | bei_news | App starting up, db=sqlite:///./data/bei_news_v2.db, proxy=on
2026-07-23 10:29:13 | INFO    | bei_news.database | Database engine initialized: sqlite:///./data/bei_news_v2.db
2026-07-23 10:29:13 | INFO    | bei_news | Database tables created successfully
2026-07-23 10:29:13 | INFO    | bei_news | Database already has 5 sources, skipping seed
2026-07-23 10:32:06 | INFO    | bei_news.database | Database engine initialized: sqlite:///./data/bei_news_v2.db
2026-07-23 10:32:07 | INFO    | bei_news.crawler.reuters | Reuters (via GN RSS) fetched 0 items
2026-07-23 10:34:34 | INFO    | bei_news.database | Database engine initialized: sqlite:///./data/bei_news_v2.db
2026-07-23 10:34:35 | INFO    | bei_news.crawler.reuters | Reuters (via GN RSS) fetched 0 items
2026-07-23 10:35:50 | INFO    | bei_news.crawler.generic | Generic HTML fetched 1 item(s) for custom_test
2026-07-23 10:36:07 | INFO    | bei_news.crawler.rss_adapter | RSSAdapter fetched 2 items for test_rss
2026-07-23 10:36:19 | INFO    | bei_news.crawler.rss_adapter | RSSAdapter fetched 2 items for test_rss
2026-07-23 10:36:41 | INFO    | bei_news.database | Database engine initialized: sqlite:////var/folders/z8/8v88p0z97pdf3xg3n3vgfqfc0000gn/T/bei_news_test_jfzhjaot/test.db
2026-07-23 10:36:41 | INFO    | bei_news.crawler.rss_adapter | RSSAdapter fetched 3 items for test
2026-07-23 10:36:41 | INFO    | bei_news | fetch[test]: {'source': 'test', 'status': 'ok', 'fetched': 3, 'inserted': 2, 'skipped': 1}
2026-07-23 10:36:41 | INFO    | bei_news | Skipping test: last fetched 0s ago (min 600s)
2026-07-23 10:36:55 | INFO    | bei_news.database | Database engine initialized: sqlite:////var/folders/z8/8v88p0z97pdf3xg3n3vgfqfc0000gn/T/bei_news_test_1heafmp0/test.db
2026-07-23 10:36:55 | INFO    | bei_news.crawler.rss_adapter | RSSAdapter fetched 3 items for test
2026-07-23 10:36:55 | INFO    | bei_news | fetch[test]: {'source': 'test', 'status': 'ok', 'fetched': 3, 'inserted': 2, 'skipped': 1}
2026-07-23 10:36:55 | INFO    | bei_news.crawler.rss_adapter | RSSAdapter fetched 3 items for test
2026-07-23 10:36:55 | INFO    | bei_news | fetch[test]: {'source': 'test', 'status': 'ok', 'fetched': 3, 'inserted': 0, 'skipped': 3}
2026-07-23 10:42:28 | ERROR   | bei_news | Unhandled error: 'State' object has no attribute 'session_factory'
Traceback (most recent call last):
  File "/Users/wangyangtao/Documents/ai/code/beiNewsDigest/version2/backend/venv/lib/python3.12/site-packages/starlette/datastructures.py", line 683, in __getattr__
    return self._state[key]
           ~~~~~~~~~~~^^^^^
KeyError: 'session_factory'

During handling of the above exception, another exception occurred:

Traceback (most recent call last):
  File "/Users/wangyangtao/Documents/ai/code/beiNewsDigest/version2/backend/venv/lib/python3.12/site-packages/starlette/middleware/errors.py", line 164, in __call__
    await self.app(scope, receive, _send)
  File "/Users/wangyangtao/Documents/ai/code/beiNewsDigest/version2/backend/venv/lib/python3.12/site-packages/starlette/middleware/cors.py", line 88, in __call__
    await self.app(scope, receive, send)
  File "/Users/wangyangtao/Documents/ai/code/beiNewsDigest/version2/backend/venv/lib/python3.12/site-packages/starlette/middleware/exceptions.py", line 63, in __call__
    await wrap_app_handling_exceptions(self.app, conn)(scope, receive, send)
  File "/Users/wangyangtao/Documents/ai/code/beiNewsDigest/version2/backend/venv/lib/python3.12/site-packages/starlette/_exception_handler.py", line 53, in wrapped_app
    raise exc
  File "/Users/wangyangtao/Documents/ai/code/beiNewsDigest/version2/backend/venv/lib/python3.12/site-packages/starlette/_exception_handler.py", line 42, in wrapped_app
    await app(scope, receive, sender)
  File "/Users/wangyangtao/Documents/ai/code/beiNewsDigest/version2/backend/venv/lib/python3.12/site-packages/fastapi/middleware/asyncexitstack.py", line 18, in __call__
    await self.app(scope, receive, send)
  File "/Users/wangyangtao/Documents/ai/code/beiNewsDigest/version2/backend/venv/lib/python3.12/site-packages/starlette/routing.py", line 660, in __call__
    await self.middleware_stack(scope, receive, send)
  File "/Users/wangyangtao/Documents/ai/code/beiNewsDigest/version2/backend/venv/lib/python3.12/site-packages/fastapi/routing.py", line 2685, in app
    await route.handle(scope, receive, send)
  File "/Users/wangyangtao/Documents/ai/code/beiNewsDigest/version2/backend/venv/lib/python3.12/site-packages/fastapi/routing.py", line 1766, in handle
    await self.original_router.handle(scope, receive, send)
  File "/Users/wangyangtao/Documents/ai/code/beiNewsDigest/version2/backend/venv/lib/python3.12/site-packages/fastapi/routing.py", line 2740, in handle
    await included_router._handle_selected(scope, receive, send)
  File "/Users/wangyangtao/Documents/ai/code/beiNewsDigest/version2/backend/venv/lib/python3.12/site-packages/fastapi/routing.py", line 1786, in _handle_selected
    await original_route.handle(scope, receive, send)
  File "/Users/wangyangtao/Documents/ai/code/beiNewsDigest/version2/backend/venv/lib/python3.12/site-packages/fastapi/routing.py", line 1265, in handle
    await app(scope, receive, send)
  File "/Users/wangyangtao/Documents/ai/code/beiNewsDigest/version2/backend/venv/lib/python3.12/site-packages/fastapi/routing.py", line 151, in app
    await wrap_app_handling_exceptions(app, request)(scope, receive, send)
  File "/Users/wangyangtao/Documents/ai/code/beiNewsDigest/version2/backend/venv/lib/python3.12/site-packages/starlette/_exception_handler.py", line 53, in wrapped_app
    raise exc
  File "/Users/wangyangtao/Documents/ai/code/beiNewsDigest/version2/backend/venv/lib/python3.12/site-packages/starlette/_exception_handler.py", line 42, in wrapped_app
    await app(scope, receive, sender)
  File "/Users/wangyangtao/Documents/ai/code/beiNewsDigest/version2/backend/venv/lib/python3.12/site-packages/fastapi/routing.py", line 137, in app
    response = await f(request)
               ^^^^^^^^^^^^^^^^
  File "/Users/wangyangtao/Documents/ai/code/beiNewsDigest/version2/backend/venv/lib/python3.12/site-packages/fastapi/routing.py", line 474, in app
    solved_result = await solve_dependencies(
                    ^^^^^^^^^^^^^^^^^^^^^^^^^
  File "/Users/wangyangtao/Documents/ai/code/beiNewsDigest/version2/backend/venv/lib/python3.12/site-packages/fastapi/dependencies/utils.py", line 649, in solve_dependencies
    solved_result = await solve_dependencies(
                    ^^^^^^^^^^^^^^^^^^^^^^^^^
  File "/Users/wangyangtao/Documents/ai/code/beiNewsDigest/version2/backend/venv/lib/python3.12/site-packages/fastapi/dependencies/utils.py", line 680, in solve_dependencies
    solved = await run_in_threadpool(call, **solved_result.values)
             ^^^^^^^^^^^^^^^^^^^^^^^^^^^^^^^^^^^^^^^^^^^^^^^^^^^^^
  File "/Users/wangyangtao/Documents/ai/code/beiNewsDigest/version2/backend/venv/lib/python3.12/site-packages/starlette/concurrency.py", line 34, in run_in_threadpool
    return await anyio.to_thread.run_sync(func)
           ^^^^^^^^^^^^^^^^^^^^^^^^^^^^^^^^^^^^
  File "/Users/wangyangtao/Documents/ai/code/beiNewsDigest/version2/backend/venv/lib/python3.12/site-packages/anyio/to_thread.py", line 65, in run_sync
    return await get_async_backend().run_sync_in_worker_thread(
           ^^^^^^^^^^^^^^^^^^^^^^^^^^^^^^^^^^^^^^^^^^^^^^^^^^^^
  File "/Users/wangyangtao/Documents/ai/code/beiNewsDigest/version2/backend/venv/lib/python3.12/site-packages/anyio/_backends/_asyncio.py", line 2641, in run_sync_in_worker_thread
    return await future
           ^^^^^^^^^^^^
  File "/Users/wangyangtao/Documents/ai/code/beiNewsDigest/version2/backend/venv/lib/python3.12/site-packages/anyio/_backends/_asyncio.py", line 1033, in run
    result = context.run(func, *args)
             ^^^^^^^^^^^^^^^^^^^^^^^^
  File "/Users/wangyangtao/Documents/ai/code/beiNewsDigest/version2/backend/app/deps.py", line 9, in get_session_factory_dep
    return request.app.state.session_factory
           ^^^^^^^^^^^^^^^^^^^^^^^^^^^^^^^^^
  File "/Users/wangyangtao/Documents/ai/code/beiNewsDigest/version2/backend/venv/lib/python3.12/site-packages/starlette/datastructures.py", line 686, in __getattr__
    raise AttributeError(message.format(self.__class__.__name__, key))
AttributeError: 'State' object has no attribute 'session_factory'
2026-07-23 10:43:29 | INFO    | bei_news.database | Database engine initialized: sqlite:///./data/bei_news_v2.db
2026-07-23 10:43:29 | INFO    | bei_news | Toggled BBC News: enabled=0
2026-07-23 10:43:29 | INFO    | bei_news | Toggled BBC News: enabled=1
2026-07-23 10:43:50 | INFO    | bei_news.database | Database engine initialized: sqlite:///./data/bei_news_v2.db
2026-07-23 10:43:51 | WARNING | bei_news.crawler.rss_adapter | RSSAdapter fetch failed: Client error '404 Not Found' for url 'https://example.com/feed.xml'
For more information check: https://developer.mozilla.org/en-US/docs/Web/HTTP/Status/404
2026-07-23 10:45:51 | INFO    | bei_news.database | Database engine initialized: sqlite:///./data/bei_news_v2.db
2026-07-23 10:48:49 | INFO    | bei_news.database | Database engine initialized: sqlite:////var/folders/z8/8v88p0z97pdf3xg3n3vgfqfc0000gn/T/bei_integration__23rltek/test.db
2026-07-23 10:48:49 | INFO    | bei_news.crawler.rss_adapter | RSSAdapter fetched 5 items for src_a
2026-07-23 10:48:49 | INFO    | bei_news | fetch[src_a]: {'source': 'src_a', 'status': 'ok', 'fetched': 5, 'inserted': 5, 'skipped': 0}
2026-07-23 10:48:49 | INFO    | bei_news.crawler.rss_adapter | RSSAdapter fetched 5 items for src_b
2026-07-23 10:48:49 | INFO    | bei_news | fetch[src_b]: {'source': 'src_b', 'status': 'ok', 'fetched': 5, 'inserted': 5, 'skipped': 0}
2026-07-23 10:49:53 | INFO    | bei_news.database | Database engine initialized: sqlite:////var/folders/z8/8v88p0z97pdf3xg3n3vgfqfc0000gn/T/bei_integration_6offbdsm/test.db
2026-07-23 10:49:53 | INFO    | bei_news.crawler.rss_adapter | RSSAdapter fetched 5 items for src_a
2026-07-23 10:49:53 | INFO    | bei_news | fetch[src_a]: {'source': 'src_a', 'status': 'ok', 'fetched': 5, 'inserted': 5, 'skipped': 0}
2026-07-23 10:49:53 | INFO    | bei_news.crawler.rss_adapter | RSSAdapter fetched 5 items for src_b
2026-07-23 10:49:53 | INFO    | bei_news | fetch[src_b]: {'source': 'src_b', 'status': 'ok', 'fetched': 5, 'inserted': 5, 'skipped': 0}
2026-07-23 10:50:34 | INFO    | bei_news.database | Database engine initialized: sqlite:////var/folders/z8/8v88p0z97pdf3xg3n3vgfqfc0000gn/T/bei_integration_n89euqt4/test.db
2026-07-23 10:50:34 | INFO    | bei_news.crawler.rss_adapter | RSSAdapter fetched 5 items for src_a
2026-07-23 10:50:34 | INFO    | bei_news | fetch[src_a]: {'source': 'src_a', 'status': 'ok', 'fetched': 5, 'inserted': 5, 'skipped': 0}
2026-07-23 10:50:34 | INFO    | bei_news.crawler.rss_adapter | RSSAdapter fetched 5 items for src_b
2026-07-23 10:50:34 | INFO    | bei_news | fetch[src_b]: {'source': 'src_b', 'status': 'ok', 'fetched': 5, 'inserted': 5, 'skipped': 0}
2026-07-23 10:50:34 | INFO    | bei_news.content_fetcher | Cached full content for article 1, expires at 2026-07-24T02:50:34Z
2026-07-23 10:50:34 | INFO    | bei_news.cleanup | Cleanup done: 1 articles, 0 content rows purged
2026-07-23 11:02:21 | INFO    | bei_news.crawler.generic | Generic HTML fetched 1 item(s) for custom_test
2026-07-23 11:02:21 | INFO    | bei_news.crawler.rss_adapter | RSSAdapter fetched 2 items for test_rss
2026-07-23 11:02:21 | INFO    | bei_news.database | Database engine initialized: sqlite:////var/folders/z8/8v88p0z97pdf3xg3n3vgfqfc0000gn/T/bei_news_test_k247_g7x/test.db
2026-07-23 11:02:21 | INFO    | bei_news.crawler.rss_adapter | RSSAdapter fetched 3 items for test
2026-07-23 11:02:21 | INFO    | bei_news | fetch[test]: {'source': 'test', 'status': 'ok', 'fetched': 3, 'inserted': 2, 'skipped': 1}
2026-07-23 11:02:21 | INFO    | bei_news.crawler.rss_adapter | RSSAdapter fetched 3 items for test
2026-07-23 11:02:21 | INFO    | bei_news | fetch[test]: {'source': 'test', 'status': 'ok', 'fetched': 3, 'inserted': 0, 'skipped': 3}
2026-07-23 11:02:21 | INFO    | bei_news.database | Database engine initialized: sqlite:////var/folders/z8/8v88p0z97pdf3xg3n3vgfqfc0000gn/T/bei_integration_dl4z7liy/test.db
2026-07-23 11:02:21 | INFO    | bei_news.crawler.rss_adapter | RSSAdapter fetched 5 items for src_a
2026-07-23 11:02:21 | INFO    | bei_news | fetch[src_a]: {'source': 'src_a', 'status': 'ok', 'fetched': 5, 'inserted': 5, 'skipped': 0}
2026-07-23 11:02:21 | INFO    | bei_news.crawler.rss_adapter | RSSAdapter fetched 5 items for src_b
2026-07-23 11:02:21 | INFO    | bei_news | fetch[src_b]: {'source': 'src_b', 'status': 'ok', 'fetched': 5, 'inserted': 5, 'skipped': 0}
2026-07-23 11:02:21 | INFO    | bei_news.content_fetcher | Cached full content for article 1, expires at 2026-07-24T03:02:21Z
2026-07-23 11:02:21 | INFO    | bei_news.cleanup | Cleanup done: 1 articles, 0 content rows purged
2026-07-23 11:02:39 | INFO    | bei_news.database | Database engine initialized: sqlite:///./data/bei_news_v2.db
2026-07-23 11:02:41 | INFO    | bei_news | Toggled BBC News: enabled=0
2026-07-23 11:02:41 | INFO    | bei_news | Toggled BBC News: enabled=1
2026-07-23 11:17:55 | INFO    | bei_news.database | Database engine initialized: sqlite:///./data/bei_news_v2.db
2026-07-23 11:17:55 | INFO    | bei_news | Database tables created successfully
2026-07-23 11:17:55 | INFO    | bei_news | Database already has 5 sources, skipping seed
2026-07-23 11:18:03 | INFO    | bei_news.database | Database engine initialized: sqlite:///./data/bei_news_v2.db
2026-07-23 11:18:03 | INFO    | bei_news | App starting, db=sqlite:///./data/bei_news_v2.db, proxy=on
2026-07-23 11:18:03 | INFO    | bei_news | Database tables created successfully
2026-07-23 11:18:03 | INFO    | bei_news | Database already has 5 sources, skipping seed
2026-07-23 11:18:03 | INFO    | bei_news.scheduler | TimeBasedScheduler started
2026-07-23 11:18:03 | INFO    | bei_news | Scheduler started
2026-07-23 11:18:03 | INFO    | bei_news.scheduler | Outside all active slots, sleeping 1h before re-checking
2026-07-23 11:18:03 | INFO    | bei_news.scheduler | TimeBasedScheduler stopped
2026-07-23 11:18:03 | INFO    | bei_news | App shutdown
2026-07-23 11:25:36 | INFO    | bei_news.database | Database engine initialized: sqlite:///./data/bei_news_v2.db
2026-07-23 11:27:03 | INFO    | bei_news.database | Database engine initialized: sqlite:///./data/bei_news_v2.db
2026-07-23 11:27:04 | INFO    | bei_news.database | Database engine initialized: sqlite:///./data/bei_news_v2.db
2026-07-23 11:27:04 | INFO    | bei_news | App starting, db=sqlite:///./data/bei_news_v2.db, proxy=on
2026-07-23 11:27:04 | INFO    | bei_news | Database tables created successfully
2026-07-23 11:27:04 | INFO    | bei_news | Database already has 5 sources, skipping seed
2026-07-23 11:27:04 | INFO    | bei_news.scheduler | TimeBasedScheduler started
2026-07-23 11:27:04 | INFO    | bei_news | Scheduler started
2026-07-23 11:27:04 | INFO    | bei_news.scheduler | Outside all active slots, sleeping 1h before re-checking
2026-07-23 11:28:14 | INFO    | bei_news.scheduler | TimeBasedScheduler stopped
2026-07-23 11:28:14 | INFO    | bei_news | App shutdown
2026-07-23 11:28:29 | INFO    | bei_news.database | Database engine initialized: sqlite:///./data/bei_news_v2.db
2026-07-23 11:28:29 | INFO    | bei_news | Database tables created successfully
2026-07-23 11:28:29 | INFO    | bei_news | Database already has 5 sources, skipping seed
2026-07-23 11:28:32 | INFO    | bei_news.database | Database engine initialized: sqlite:///./data/bei_news_v2.db
2026-07-23 11:28:32 | INFO    | bei_news.database | Database engine initialized: sqlite:///./data/bei_news_v2.db
2026-07-23 11:28:32 | INFO    | bei_news | App starting, db=sqlite:///./data/bei_news_v2.db, proxy=on
2026-07-23 11:28:32 | INFO    | bei_news | Database tables created successfully
2026-07-23 11:28:32 | INFO    | bei_news | Database already has 5 sources, skipping seed
2026-07-23 11:28:32 | INFO    | bei_news.scheduler | TimeBasedScheduler started
2026-07-23 11:28:32 | INFO    | bei_news | Scheduler started
2026-07-23 11:28:32 | INFO    | bei_news.scheduler | Outside all active slots, sleeping 1h before re-checking
2026-07-23 11:29:51 | INFO    | bei_news.crawler.bbc | BBC fetched 0 items
2026-07-23 11:29:51 | INFO    | bei_news | fetch[bbc]: {'source': 'bbc', 'status': 'ok', 'fetched': 0, 'inserted': 0, 'skipped': 0}
2026-07-23 11:30:08 | INFO    | bei_news.crawler.cnn | CNN fetched 0 items
2026-07-23 11:30:08 | INFO    | bei_news | fetch[cnn]: {'source': 'cnn', 'status': 'ok', 'fetched': 0, 'inserted': 0, 'skipped': 0}
2026-07-23 11:30:36 | INFO    | bei_news.crawler.aljazeera | Al Jazeera fetched 18 items
2026-07-23 11:30:36 | INFO    | bei_news | fetch[aljazeera]: {'source': 'aljazeera', 'status': 'ok', 'fetched': 18, 'inserted': 18, 'skipped': 0}
2026-07-23 11:30:49 | INFO    | bei_news.crawler.ap | AP fetched 50 items
2026-07-23 11:30:49 | INFO    | bei_news | fetch[ap]: {'source': 'ap', 'status': 'ok', 'fetched': 50, 'inserted': 50, 'skipped': 0}
2026-07-23 11:31:19 | INFO    | bei_news.crawler.rss_adapter | RSSAdapter fetched 50 items for reuters
2026-07-23 11:31:19 | INFO    | bei_news | fetch[reuters]: {'source': 'reuters', 'status': 'ok', 'fetched': 50, 'inserted': 50, 'skipped': 0}
2026-07-23 11:32:21 | INFO    | bei_news.crawler.bbc | BBC fetched 0 items
2026-07-23 11:32:21 | INFO    | bei_news | fetch[bbc]: {'source': 'bbc', 'status': 'ok', 'fetched': 0, 'inserted': 0, 'skipped': 0}
2026-07-23 11:32:36 | INFO    | bei_news.crawler.cnn | CNN fetched 0 items
2026-07-23 11:32:36 | INFO    | bei_news | fetch[cnn]: {'source': 'cnn', 'status': 'ok', 'fetched': 0, 'inserted': 0, 'skipped': 0}
2026-07-23 11:33:01 | INFO    | bei_news.crawler.bbc | BBC fetched 0 items
2026-07-23 11:33:01 | INFO    | bei_news | fetch[bbc]: {'source': 'bbc', 'status': 'ok', 'fetched': 0, 'inserted': 0, 'skipped': 0}
2026-07-23 11:33:05 | INFO    | bei_news | Skipping aljazeera: last fetched 149s ago (min 600s)
2026-07-23 11:33:05 | INFO    | bei_news | Skipping ap: last fetched 136s ago (min 600s)
2026-07-23 11:33:05 | INFO    | bei_news | Skipping reuters: last fetched 106s ago (min 600s)
2026-07-23 11:33:20 | INFO    | bei_news.crawler.cnn | CNN fetched 0 items
2026-07-23 11:33:20 | INFO    | bei_news | fetch[cnn]: {'source': 'cnn', 'status': 'ok', 'fetched': 0, 'inserted': 0, 'skipped': 0}
2026-07-23 11:33:22 | INFO    | bei_news.crawler.bbc | BBC fetched 0 items
2026-07-23 11:33:22 | INFO    | bei_news | fetch[bbc]: {'source': 'bbc', 'status': 'ok', 'fetched': 0, 'inserted': 0, 'skipped': 0}
2026-07-23 11:33:31 | INFO    | bei_news.crawler.cnn | CNN fetched 0 items
2026-07-23 11:33:31 | INFO    | bei_news | fetch[cnn]: {'source': 'cnn', 'status': 'ok', 'fetched': 0, 'inserted': 0, 'skipped': 0}
2026-07-23 11:33:38 | INFO    | bei_news | Skipping aljazeera: last fetched 182s ago (min 600s)
2026-07-23 11:33:38 | INFO    | bei_news | Skipping ap: last fetched 169s ago (min 600s)
2026-07-23 11:33:38 | INFO    | bei_news | Skipping reuters: last fetched 139s ago (min 600s)
2026-07-23 11:33:46 | INFO    | bei_news | Skipping aljazeera: last fetched 190s ago (min 600s)
2026-07-23 11:33:46 | INFO    | bei_news | Skipping ap: last fetched 177s ago (min 600s)
2026-07-23 11:33:46 | INFO    | bei_news | Skipping reuters: last fetched 147s ago (min 600s)
2026-07-23 11:41:59 | INFO    | bei_news.scheduler | TimeBasedScheduler stopped
2026-07-23 11:41:59 | INFO    | bei_news | App shutdown
2026-07-23 11:41:59 | INFO    | bei_news.database | Database engine initialized: sqlite:///./data/bei_news_v2.db
2026-07-23 11:41:59 | INFO    | bei_news | App starting, db=sqlite:///./data/bei_news_v2.db, proxy=on
2026-07-23 11:41:59 | INFO    | bei_news | Database tables created successfully
2026-07-23 11:41:59 | INFO    | bei_news | Database already has 5 sources, skipping seed
2026-07-23 11:41:59 | INFO    | bei_news.scheduler | TimeBasedScheduler started
2026-07-23 11:41:59 | INFO    | bei_news | Scheduler started
2026-07-23 11:41:59 | INFO    | bei_news.scheduler | Outside all active slots, sleeping 1h before re-checking
2026-07-23 11:42:03 | INFO    | bei_news.scheduler | TimeBasedScheduler stopped
2026-07-23 11:42:03 | INFO    | bei_news | App shutdown
2026-07-23 11:42:03 | INFO    | bei_news.database | Database engine initialized: sqlite:///./data/bei_news_v2.db
2026-07-23 11:42:03 | INFO    | bei_news | App starting, db=sqlite:///./data/bei_news_v2.db, proxy=on
2026-07-23 11:42:03 | INFO    | bei_news | Database tables created successfully
2026-07-23 11:42:03 | INFO    | bei_news | Database already has 5 sources, skipping seed
2026-07-23 11:42:03 | INFO    | bei_news.scheduler | TimeBasedScheduler started
2026-07-23 11:42:03 | INFO    | bei_news | Scheduler started
2026-07-23 11:42:03 | INFO    | bei_news.scheduler | Outside all active slots, sleeping 1h before re-checking
2026-07-23 11:42:33 | INFO    | bei_news.database | Database engine initialized: sqlite:///./data/bei_news_v2.db
2026-07-23 11:42:47 | INFO    | bei_news.database | Database engine initialized: sqlite:///./data/bei_news_v2.db
2026-07-23 11:42:47 | INFO    | bei_news.database | Database engine initialized: sqlite:///./data/bei_news_v2.db
2026-07-23 11:42:48 | INFO    | bei_news | App starting, db=sqlite:///./data/bei_news_v2.db, proxy=on
2026-07-23 11:42:48 | INFO    | bei_news | Database tables created successfully
2026-07-23 11:42:48 | INFO    | bei_news | Database already has 5 sources, skipping seed
2026-07-23 11:42:48 | INFO    | bei_news.scheduler | TimeBasedScheduler started
2026-07-23 11:42:48 | INFO    | bei_news | Scheduler started
2026-07-23 11:42:48 | INFO    | bei_news.scheduler | Outside all active slots, sleeping 1h before re-checking
2026-07-23 11:42:54 | INFO    | bei_news.crawler.bbc | BBC fetched 31 items
2026-07-23 11:42:54 | INFO    | bei_news | fetch[bbc]: {'source': 'bbc', 'status': 'ok', 'fetched': 31, 'inserted': 31, 'skipped': 0}
2026-07-23 11:43:17 | INFO    | bei_news.crawler.cnn | CNN fetched 50 items
2026-07-23 11:43:17 | INFO    | bei_news | fetch[cnn]: {'source': 'cnn', 'status': 'ok', 'fetched': 50, 'inserted': 50, 'skipped': 0}
2026-07-23 11:43:32 | INFO    | bei_news.crawler.aljazeera | Al Jazeera fetched 18 items
2026-07-23 11:43:32 | INFO    | bei_news | fetch[aljazeera]: {'source': 'aljazeera', 'status': 'ok', 'fetched': 18, 'inserted': 1, 'skipped': 17}
2026-07-23 11:43:50 | INFO    | bei_news.crawler.ap | AP fetched 50 items
2026-07-23 11:43:50 | INFO    | bei_news | fetch[ap]: {'source': 'ap', 'status': 'ok', 'fetched': 50, 'inserted': 0, 'skipped': 50}
2026-07-23 11:44:05 | INFO    | bei_news.crawler.rss_adapter | RSSAdapter fetched 50 items for reuters
2026-07-23 11:44:05 | INFO    | bei_news | fetch[reuters]: {'source': 'reuters', 'status': 'ok', 'fetched': 50, 'inserted': 0, 'skipped': 50}
2026-07-23 11:46:15 | INFO    | bei_news.database | Database engine initialized: sqlite:///./data/bei_news_v2.db
2026-07-23 11:46:16 | INFO    | bei_news.database | Database engine initialized: sqlite:///./data/bei_news_v2.db
2026-07-23 11:46:16 | INFO    | bei_news | App starting, db=sqlite:///./data/bei_news_v2.db, proxy=on
2026-07-23 11:46:16 | INFO    | bei_news | Database tables created successfully
2026-07-23 11:46:16 | INFO    | bei_news | Database already has 5 sources, skipping seed
2026-07-23 11:46:16 | INFO    | bei_news.scheduler | TimeBasedScheduler started
2026-07-23 11:46:16 | INFO    | bei_news | Scheduler started
2026-07-23 11:46:16 | INFO    | bei_news.scheduler | Outside all active slots, sleeping 1h before re-checking
2026-07-23 11:46:31 | INFO    | bei_news | Skipping bbc: last fetched 217s ago (min 600s)
2026-07-23 11:46:31 | INFO    | bei_news | Skipping cnn: last fetched 194s ago (min 600s)
2026-07-23 11:46:31 | INFO    | bei_news | Skipping aljazeera: last fetched 179s ago (min 600s)
2026-07-23 11:46:34 | INFO    | bei_news.crawler.ap | AP fetched 50 items
2026-07-23 11:46:34 | INFO    | bei_news | fetch[ap]: {'source': 'ap', 'status': 'ok', 'fetched': 50, 'inserted': 0, 'skipped': 50}
2026-07-23 11:47:03 | INFO    | bei_news.crawler.rss_adapter | RSSAdapter fetched 50 items for reuters
2026-07-23 11:47:03 | INFO    | bei_news | fetch[reuters]: {'source': 'reuters', 'status': 'ok', 'fetched': 50, 'inserted': 0, 'skipped': 50}
2026-07-23 11:56:00 | INFO    | bei_news.database | Database engine initialized: sqlite:///./data/bei_news_v2.db
2026-07-23 11:56:00 | INFO    | bei_news.database | Database engine initialized: sqlite:///./data/bei_news_v2.db
2026-07-23 11:56:00 | INFO    | bei_news | App starting, db=sqlite:///./data/bei_news_v2.db, proxy=on
2026-07-23 11:56:00 | INFO    | bei_news | Database tables created successfully
2026-07-23 11:56:00 | INFO    | bei_news | Database already has 5 sources, skipping seed
2026-07-23 11:56:00 | INFO    | bei_news.scheduler | TimeBasedScheduler started
2026-07-23 11:56:00 | INFO    | bei_news | Scheduler started
2026-07-23 11:56:00 | INFO    | bei_news.scheduler | Outside all active slots, sleeping 1h before re-checking
2026-07-23 12:56:00 | INFO    | bei_news.scheduler | Outside all active slots, sleeping 1h before re-checking
2026-07-23 13:24:21 | INFO    | bei_news.crawler.bbc | BBC fetched 30 items
2026-07-23 13:24:21 | INFO    | bei_news | fetch[bbc]: {'source': 'bbc', 'status': 'ok', 'fetched': 30, 'inserted': 4, 'skipped': 26}
2026-07-23 13:24:43 | INFO    | bei_news.crawler.cnn | CNN fetched 50 items
2026-07-23 13:24:43 | INFO    | bei_news | fetch[cnn]: {'source': 'cnn', 'status': 'ok', 'fetched': 50, 'inserted': 4, 'skipped': 46}
2026-07-23 13:24:53 | INFO    | bei_news.crawler.aljazeera | Al Jazeera fetched 18 items
2026-07-23 13:24:53 | INFO    | bei_news | fetch[aljazeera]: {'source': 'aljazeera', 'status': 'ok', 'fetched': 18, 'inserted': 4, 'skipped': 14}
2026-07-23 13:25:01 | INFO    | bei_news.crawler.ap | AP fetched 50 items
2026-07-23 13:25:01 | INFO    | bei_news | fetch[ap]: {'source': 'ap', 'status': 'ok', 'fetched': 50, 'inserted': 6, 'skipped': 44}
2026-07-23 13:25:25 | INFO    | bei_news.crawler.rss_adapter | RSSAdapter fetched 50 items for reuters
2026-07-23 13:25:25 | INFO    | bei_news | fetch[reuters]: {'source': 'reuters', 'status': 'ok', 'fetched': 50, 'inserted': 5, 'skipped': 45}
2026-07-23 13:30:22 | INFO    | bei_news.content_fetcher | Cached full content for article 57, expires at 2026-07-24T05:30:22Z
2026-07-23 13:35:52 | INFO    | bei_news.content_fetcher | Cached full content for article 204, expires at 2026-07-24T05:35:52Z
2026-07-23 13:36:42 | INFO    | bei_news.content_fetcher | Cached full content for article 205, expires at 2026-07-24T05:36:42Z
2026-07-23 13:56:00 | INFO    | bei_news.scheduler | Outside all active slots, sleeping 1h before re-checking
2026-07-23 14:07:16 | INFO    | bei_news.scheduler | TimeBasedScheduler stopped
2026-07-23 14:07:16 | INFO    | bei_news | App shutdown
2026-07-23 14:07:17 | INFO    | bei_news.database | Database engine initialized: sqlite:///./data/bei_news_v2.db
2026-07-23 14:07:17 | INFO    | bei_news | App starting, db=sqlite:///./data/bei_news_v2.db, proxy=on
2026-07-23 14:07:17 | INFO    | bei_news | Database tables created successfully
2026-07-23 14:07:17 | INFO    | bei_news | Database already has 5 sources, skipping seed
2026-07-23 14:07:17 | INFO    | bei_news.scheduler | TimeBasedScheduler started
2026-07-23 14:07:17 | INFO    | bei_news | Scheduler started
2026-07-23 14:07:17 | INFO    | bei_news.scheduler | Outside all active slots, sleeping 1h before re-checking
2026-07-23 14:07:35 | INFO    | bei_news.scheduler | TimeBasedScheduler stopped
2026-07-23 14:07:35 | INFO    | bei_news | App shutdown
2026-07-23 14:07:35 | INFO    | bei_news.database | Database engine initialized: sqlite:///./data/bei_news_v2.db
2026-07-23 14:07:35 | INFO    | bei_news | App starting, db=sqlite:///./data/bei_news_v2.db, proxy=on
2026-07-23 14:07:35 | INFO    | bei_news | Database tables created successfully
2026-07-23 14:07:35 | INFO    | bei_news | Database already has 5 sources, skipping seed
2026-07-23 14:07:35 | INFO    | bei_news.scheduler | TimeBasedScheduler started
2026-07-23 14:07:35 | INFO    | bei_news | Scheduler started
2026-07-23 14:07:35 | INFO    | bei_news.scheduler | Outside all active slots, sleeping 1h before re-checking
2026-07-23 14:07:45 | INFO    | bei_news.scheduler | TimeBasedScheduler stopped
2026-07-23 14:07:45 | INFO    | bei_news | App shutdown
2026-07-23 14:07:45 | INFO    | bei_news.database | Database engine initialized: sqlite:///./data/bei_news_v2.db
2026-07-23 14:07:45 | INFO    | bei_news | App starting, db=sqlite:///./data/bei_news_v2.db, proxy=on
2026-07-23 14:07:45 | INFO    | bei_news | Database tables created successfully
2026-07-23 14:07:45 | INFO    | bei_news | Database already has 5 sources, skipping seed
2026-07-23 14:07:45 | INFO    | bei_news.scheduler | TimeBasedScheduler started
2026-07-23 14:07:45 | INFO    | bei_news | Scheduler started
2026-07-23 14:07:45 | INFO    | bei_news.scheduler | Outside all active slots, sleeping 1h before re-checking
2026-07-23 14:08:00 | INFO    | bei_news.scheduler | TimeBasedScheduler stopped
2026-07-23 14:08:00 | INFO    | bei_news | App shutdown
2026-07-23 14:08:01 | INFO    | bei_news.database | Database engine initialized: sqlite:///./data/bei_news_v2.db
2026-07-23 14:08:01 | INFO    | bei_news | App starting, db=sqlite:///./data/bei_news_v2.db, proxy=on
2026-07-23 14:08:01 | INFO    | bei_news | Database tables created successfully
2026-07-23 14:08:01 | INFO    | bei_news | Database already has 5 sources, skipping seed
2026-07-23 14:08:01 | INFO    | bei_news.scheduler | TimeBasedScheduler started
2026-07-23 14:08:01 | INFO    | bei_news | Scheduler started
2026-07-23 14:08:01 | INFO    | bei_news.scheduler | Outside all active slots, sleeping 1h before re-checking
2026-07-23 14:08:28 | INFO    | bei_news.scheduler | TimeBasedScheduler stopped
2026-07-23 14:08:28 | INFO    | bei_news | App shutdown
2026-07-23 14:08:28 | INFO    | bei_news.database | Database engine initialized: sqlite:///./data/bei_news_v2.db
2026-07-23 14:08:28 | INFO    | bei_news | App starting, db=sqlite:///./data/bei_news_v2.db, proxy=on
2026-07-23 14:08:28 | INFO    | bei_news | Database tables created successfully
2026-07-23 14:08:28 | INFO    | bei_news | Database already has 5 sources, skipping seed
2026-07-23 14:08:28 | INFO    | bei_news.scheduler | TimeBasedScheduler started
2026-07-23 14:08:28 | INFO    | bei_news | Scheduler started
2026-07-23 14:08:28 | INFO    | bei_news.scheduler | Outside all active slots, sleeping 1h before re-checking
2026-07-23 14:10:14 | INFO    | bei_news.scheduler | TimeBasedScheduler stopped
2026-07-23 14:10:14 | INFO    | bei_news | App shutdown
2026-07-23 14:10:14 | INFO    | bei_news.database | Database engine initialized: sqlite:///./data/bei_news_v2.db
2026-07-23 14:10:14 | INFO    | bei_news | App starting, db=sqlite:///./data/bei_news_v2.db, proxy=on
2026-07-23 14:10:14 | INFO    | bei_news | Database tables created successfully
2026-07-23 14:10:14 | INFO    | bei_news | Database already has 5 sources, skipping seed
2026-07-23 14:10:14 | INFO    | bei_news.scheduler | TimeBasedScheduler started
2026-07-23 14:10:14 | INFO    | bei_news | Scheduler started
2026-07-23 14:10:14 | INFO    | bei_news.scheduler | Outside all active slots, sleeping 1h before re-checking
2026-07-23 14:10:40 | INFO    | bei_news.content_fetcher | Cached full content for article 202, expires at 2026-07-24T06:10:40Z
2026-07-23 14:10:45 | INFO    | bei_news.scheduler | TimeBasedScheduler stopped
2026-07-23 14:10:45 | INFO    | bei_news | App shutdown
2026-07-23 14:10:46 | INFO    | bei_news.database | Database engine initialized: sqlite:///./data/bei_news_v2.db
2026-07-23 14:10:46 | INFO    | bei_news | App starting, db=sqlite:///./data/bei_news_v2.db, proxy=on
2026-07-23 14:10:46 | INFO    | bei_news | Database tables created successfully
2026-07-23 14:10:46 | INFO    | bei_news | Database already has 5 sources, skipping seed
2026-07-23 14:10:46 | INFO    | bei_news.scheduler | TimeBasedScheduler started
2026-07-23 14:10:46 | INFO    | bei_news | Scheduler started
2026-07-23 14:10:46 | INFO    | bei_news.scheduler | Outside all active slots, sleeping 1h before re-checking
2026-07-23 14:12:33 | INFO    | bei_news.scheduler | TimeBasedScheduler stopped
2026-07-23 14:12:33 | INFO    | bei_news | App shutdown
2026-07-23 14:12:34 | INFO    | bei_news.database | Database engine initialized: sqlite:///./data/bei_news_v2.db
2026-07-23 14:12:34 | INFO    | bei_news | App starting, db=sqlite:///./data/bei_news_v2.db, proxy=on
2026-07-23 14:12:34 | INFO    | bei_news | Database tables created successfully
2026-07-23 14:12:34 | INFO    | bei_news | Database already has 5 sources, skipping seed
2026-07-23 14:12:34 | INFO    | bei_news.scheduler | TimeBasedScheduler started
2026-07-23 14:12:34 | INFO    | bei_news | Scheduler started
2026-07-23 14:12:34 | INFO    | bei_news.scheduler | Outside all active slots, sleeping 1h before re-checking
2026-07-23 14:13:08 | INFO    | bei_news.scheduler | TimeBasedScheduler stopped
2026-07-23 14:13:08 | INFO    | bei_news | App shutdown
2026-07-23 14:13:08 | INFO    | bei_news.database | Database engine initialized: sqlite:///./data/bei_news_v2.db
2026-07-23 14:13:09 | INFO    | bei_news | App starting, db=sqlite:///./data/bei_news_v2.db, proxy=on
2026-07-23 14:13:09 | INFO    | bei_news | Database tables created successfully
2026-07-23 14:13:09 | INFO    | bei_news | Database already has 5 sources, skipping seed
2026-07-23 14:13:09 | INFO    | bei_news.scheduler | TimeBasedScheduler started
2026-07-23 14:13:09 | INFO    | bei_news | Scheduler started
2026-07-23 14:13:09 | INFO    | bei_news.scheduler | Outside all active slots, sleeping 1h before re-checking
2026-07-23 14:14:14 | INFO    | bei_news.scheduler | TimeBasedScheduler stopped
2026-07-23 14:14:14 | INFO    | bei_news | App shutdown
2026-07-23 14:14:15 | INFO    | bei_news.database | Database engine initialized: sqlite:///./data/bei_news_v2.db
2026-07-23 14:14:15 | INFO    | bei_news | App starting, db=sqlite:///./data/bei_news_v2.db, proxy=on
2026-07-23 14:14:15 | INFO    | bei_news | Database tables created successfully
2026-07-23 14:14:15 | INFO    | bei_news | Database already has 5 sources, skipping seed
2026-07-23 14:14:15 | INFO    | bei_news.scheduler | TimeBasedScheduler started
2026-07-23 14:14:15 | INFO    | bei_news | Scheduler started
2026-07-23 14:14:15 | INFO    | bei_news.scheduler | Outside all active slots, sleeping 1h before re-checking
2026-07-23 14:16:39 | INFO    | bei_news.database | Database engine initialized: sqlite:///./data/bei_news_v2.db
2026-07-23 14:16:39 | INFO    | bei_news.database | Database engine initialized: sqlite:///./data/bei_news_v2.db
2026-07-23 14:16:39 | INFO    | bei_news | App starting, db=sqlite:///./data/bei_news_v2.db, proxy=on
2026-07-23 14:16:39 | INFO    | bei_news | Database tables created successfully
2026-07-23 14:16:39 | INFO    | bei_news | Database already has 5 sources, skipping seed
2026-07-23 14:16:39 | INFO    | bei_news.scheduler | TimeBasedScheduler started
2026-07-23 14:16:39 | INFO    | bei_news | Scheduler started
2026-07-23 14:16:39 | INFO    | bei_news.scheduler | Outside all active slots, sleeping 1h before re-checking
2026-07-23 14:16:44 | INFO    | bei_news.crawler.bbc | BBC fetched 28 items
2026-07-23 14:16:44 | INFO    | bei_news | fetch[bbc]: {'source': 'bbc', 'status': 'ok', 'fetched': 28, 'inserted': 2, 'skipped': 26}
2026-07-23 14:17:16 | INFO    | bei_news.crawler.cnn | CNN fetched 50 items
2026-07-23 14:17:16 | INFO    | bei_news | fetch[cnn]: {'source': 'cnn', 'status': 'ok', 'fetched': 50, 'inserted': 1, 'skipped': 49}
2026-07-23 14:17:23 | INFO    | bei_news.crawler.aljazeera | Al Jazeera fetched 16 items
2026-07-23 14:17:23 | INFO    | bei_news | fetch[aljazeera]: {'source': 'aljazeera', 'status': 'ok', 'fetched': 16, 'inserted': 0, 'skipped': 16}
2026-07-23 14:17:49 | INFO    | bei_news.crawler.ap | AP fetched 50 items
2026-07-23 14:17:49 | INFO    | bei_news | fetch[ap]: {'source': 'ap', 'status': 'ok', 'fetched': 50, 'inserted': 1, 'skipped': 49}
2026-07-23 14:18:12 | INFO    | bei_news.crawler.rss_adapter | RSSAdapter fetched 50 items for reuters
2026-07-23 14:18:12 | INFO    | bei_news | fetch[reuters]: {'source': 'reuters', 'status': 'ok', 'fetched': 50, 'inserted': 5, 'skipped': 45}
2026-07-23 14:24:41 | INFO    | bei_news.scheduler | TimeBasedScheduler stopped
2026-07-23 14:24:41 | INFO    | bei_news | App shutdown
2026-07-23 14:24:41 | INFO    | bei_news.database | Database engine initialized: sqlite:///./data/bei_news_v2.db
2026-07-23 14:24:41 | INFO    | bei_news | App starting, db=sqlite:///./data/bei_news_v2.db, proxy=on
2026-07-23 14:24:41 | INFO    | bei_news | Database tables created successfully
2026-07-23 14:24:41 | INFO    | bei_news | Database already has 5 sources, skipping seed
2026-07-23 14:24:41 | INFO    | bei_news.scheduler | TimeBasedScheduler started
2026-07-23 14:24:41 | INFO    | bei_news | Scheduler started
2026-07-23 14:24:41 | INFO    | bei_news.scheduler | Outside all active slots, sleeping 1h before re-checking
2026-07-23 14:28:53 | INFO    | bei_news.scheduler | TimeBasedScheduler stopped
2026-07-23 14:28:53 | INFO    | bei_news | App shutdown
2026-07-23 14:28:53 | INFO    | bei_news.database | Database engine initialized: sqlite:///./data/bei_news_v2.db
2026-07-23 14:28:53 | INFO    | bei_news | App starting, db=sqlite:///./data/bei_news_v2.db, proxy=on
2026-07-23 14:28:53 | INFO    | bei_news | Database tables created successfully
2026-07-23 14:28:53 | INFO    | bei_news | Database already has 5 sources, skipping seed
2026-07-23 14:28:53 | INFO    | bei_news.scheduler | TimeBasedScheduler started
2026-07-23 14:28:53 | INFO    | bei_news | Scheduler started
2026-07-23 14:28:53 | INFO    | bei_news.scheduler | Outside all active slots, sleeping 1h before re-checking
2026-07-23 14:33:05 | INFO    | bei_news.scheduler | TimeBasedScheduler stopped
2026-07-23 14:33:05 | INFO    | bei_news | App shutdown
2026-07-23 14:33:06 | INFO    | bei_news.database | Database engine initialized: sqlite:///./data/bei_news_v2.db
2026-07-23 14:33:06 | INFO    | bei_news | App starting, db=sqlite:///./data/bei_news_v2.db, proxy=on
2026-07-23 14:33:06 | INFO    | bei_news | Database tables created successfully
2026-07-23 14:33:06 | INFO    | bei_news | Database already has 5 sources, skipping seed
2026-07-23 14:33:06 | INFO    | bei_news.scheduler | TimeBasedScheduler started
2026-07-23 14:33:06 | INFO    | bei_news | Scheduler started
2026-07-23 14:33:06 | INFO    | bei_news.scheduler | Outside all active slots, sleeping 1h before re-checking
2026-07-23 14:36:25 | INFO    | bei_news.crawler.bbc | BBC fetched 29 items
2026-07-23 14:36:25 | INFO    | bei_news | fetch[bbc]: {'source': 'bbc', 'status': 'ok', 'fetched': 29, 'inserted': 29, 'skipped': 0}
2026-07-23 14:36:50 | INFO    | bei_news.crawler.cnn | CNN fetched 50 items
2026-07-23 14:36:50 | INFO    | bei_news | fetch[cnn]: {'source': 'cnn', 'status': 'ok', 'fetched': 50, 'inserted': 50, 'skipped': 0}
2026-07-23 14:37:08 | INFO    | bei_news.crawler.aljazeera | Al Jazeera fetched 17 items
2026-07-23 14:37:08 | INFO    | bei_news | fetch[aljazeera]: {'source': 'aljazeera', 'status': 'ok', 'fetched': 17, 'inserted': 17, 'skipped': 0}
2026-07-23 14:37:32 | INFO    | bei_news.crawler.ap | AP fetched 50 items
2026-07-23 14:37:32 | INFO    | bei_news | fetch[ap]: {'source': 'ap', 'status': 'ok', 'fetched': 50, 'inserted': 50, 'skipped': 0}
2026-07-23 14:37:58 | INFO    | bei_news.crawler.rss_adapter | RSSAdapter fetched 50 items for reuters
2026-07-23 14:37:58 | INFO    | bei_news | fetch[reuters]: {'source': 'reuters', 'status': 'ok', 'fetched': 50, 'inserted': 50, 'skipped': 0}
2026-07-23 14:41:17 | INFO    | bei_news.content_fetcher | Cached full content for article 82, expires at 2026-07-24T06:41:17Z
2026-07-23 14:44:58 | INFO    | bei_news.database | Database engine initialized: sqlite:///./data/bei_news_v2.db
2026-07-23 14:47:08 | INFO    | bei_news.database | Database engine initialized: sqlite:///./data/bei_news_v2.db
2026-07-23 14:47:09 | INFO    | bei_news.database | Database engine initialized: sqlite:///./data/bei_news_v2.db
2026-07-23 14:47:09 | INFO    | bei_news | App starting, db=sqlite:///./data/bei_news_v2.db, proxy=on
2026-07-23 14:47:09 | INFO    | bei_news | Database tables created successfully
2026-07-23 14:47:09 | INFO    | bei_news | Database already has 5 sources, skipping seed
2026-07-23 14:47:09 | INFO    | bei_news.scheduler | TimeBasedScheduler started
2026-07-23 14:47:09 | INFO    | bei_news | Scheduler started
2026-07-23 14:47:09 | INFO    | bei_news.scheduler | Outside all active slots, sleeping 1h before re-checking
2026-07-23 14:52:03 | INFO    | bei_news.content_fetcher | Cached full content for article 3, expires at 2026-07-24T06:52:03Z
2026-07-23 14:53:36 | INFO    | bei_news.crawler.bbc | BBC fetched 31 items
2026-07-23 14:53:36 | INFO    | bei_news | fetch[bbc]: {'source': 'bbc', 'status': 'ok', 'fetched': 31, 'inserted': 2, 'skipped': 29}
2026-07-23 14:53:56 | INFO    | bei_news.crawler.cnn | CNN fetched 50 items
2026-07-23 14:53:56 | INFO    | bei_news | fetch[cnn]: {'source': 'cnn', 'status': 'ok', 'fetched': 50, 'inserted': 1, 'skipped': 49}
2026-07-23 14:54:03 | INFO    | bei_news.crawler.aljazeera | Al Jazeera fetched 17 items
2026-07-23 14:54:03 | INFO    | bei_news | fetch[aljazeera]: {'source': 'aljazeera', 'status': 'ok', 'fetched': 17, 'inserted': 0, 'skipped': 17}
2026-07-23 14:54:14 | INFO    | bei_news.crawler.ap | AP fetched 50 items
2026-07-23 14:54:14 | INFO    | bei_news | fetch[ap]: {'source': 'ap', 'status': 'ok', 'fetched': 50, 'inserted': 1, 'skipped': 49}
2026-07-23 14:54:25 | INFO    | bei_news.crawler.rss_adapter | RSSAdapter fetched 50 items for reuters
2026-07-23 14:54:25 | INFO    | bei_news | fetch[reuters]: {'source': 'reuters', 'status': 'ok', 'fetched': 50, 'inserted': 3, 'skipped': 47}
2026-07-23 14:54:57 | INFO    | bei_news.content_fetcher | Cached full content for article 197, expires at 2026-07-24T06:54:57Z
2026-07-23 15:02:15 | INFO    | bei_news.database | Database engine initialized: sqlite:///./data/bei_news_v2.db
2026-07-23 15:02:16 | INFO    | bei_news.database | Database engine initialized: sqlite:///./data/bei_news_v2.db
2026-07-23 15:02:16 | INFO    | bei_news | App starting, db=sqlite:///./data/bei_news_v2.db, proxy=on
2026-07-23 15:02:16 | INFO    | bei_news | Database tables created successfully
2026-07-23 15:02:16 | INFO    | bei_news | Database already has 5 sources, skipping seed
2026-07-23 15:02:16 | INFO    | bei_news.scheduler | TimeBasedScheduler started
2026-07-23 15:02:16 | INFO    | bei_news | Scheduler started
2026-07-23 15:02:16 | INFO    | bei_news.scheduler | Outside all active slots, sleeping 1h before re-checking
2026-07-23 15:05:48 | INFO    | bei_news.scheduler | TimeBasedScheduler stopped
2026-07-23 15:05:48 | INFO    | bei_news | App shutdown
2026-07-23 15:05:48 | INFO    | bei_news.database | Database engine initialized: sqlite:///./data/bei_news_v2.db
2026-07-23 15:05:48 | INFO    | bei_news | App starting, db=sqlite:///./data/bei_news_v2.db, proxy=on
2026-07-23 15:05:48 | INFO    | bei_news | Database tables created successfully
2026-07-23 15:05:48 | INFO    | bei_news | Database already has 5 sources, skipping seed
2026-07-23 15:05:48 | INFO    | bei_news.scheduler | TimeBasedScheduler started
2026-07-23 15:05:48 | INFO    | bei_news | Scheduler started
2026-07-23 15:05:48 | INFO    | bei_news.scheduler | Outside all active slots, sleeping 1h before re-checking
2026-07-23 15:06:15 | INFO    | bei_news.database | Database engine initialized: sqlite:///./data/bei_news_v2.db
2026-07-23 15:06:16 | INFO    | bei_news.database | Database engine initialized: sqlite:///./data/bei_news_v2.db
2026-07-23 15:06:16 | INFO    | bei_news | App starting, db=sqlite:///./data/bei_news_v2.db, proxy=on
2026-07-23 15:06:16 | INFO    | bei_news | Database tables created successfully
2026-07-23 15:06:16 | INFO    | bei_news | Database already has 5 sources, skipping seed
2026-07-23 15:06:16 | INFO    | bei_news.scheduler | TimeBasedScheduler started
2026-07-23 15:06:16 | INFO    | bei_news | Scheduler started
2026-07-23 15:06:16 | INFO    | bei_news.scheduler | Outside all active slots, sleeping 1h before re-checking
2026-07-23 15:15:10 | INFO    | bei_news.scheduler | TimeBasedScheduler stopped
2026-07-23 15:15:10 | INFO    | bei_news | App shutdown
2026-07-23 15:15:10 | INFO    | bei_news.database | Database engine initialized: sqlite:///./data/bei_news_v2.db
2026-07-23 15:15:10 | INFO    | bei_news | App starting, db=sqlite:///./data/bei_news_v2.db, proxy=on
2026-07-23 15:15:11 | INFO    | bei_news | Database tables created successfully
2026-07-23 15:15:11 | INFO    | bei_news | Database already has 5 sources, skipping seed
2026-07-23 15:15:11 | INFO    | bei_news.scheduler | TimeBasedScheduler started
2026-07-23 15:15:11 | INFO    | bei_news | Scheduler started
2026-07-23 15:15:11 | INFO    | bei_news.scheduler | Outside all active slots, sleeping 1h before re-checking
2026-07-23 15:15:12 | INFO    | bei_news.scheduler | TimeBasedScheduler stopped
2026-07-23 15:15:12 | INFO    | bei_news | App shutdown
2026-07-23 15:15:12 | INFO    | bei_news.database | Database engine initialized: sqlite:///./data/bei_news_v2.db
2026-07-23 15:15:12 | INFO    | bei_news | App starting, db=sqlite:///./data/bei_news_v2.db, proxy=on
2026-07-23 15:15:12 | INFO    | bei_news | Database tables created successfully
2026-07-23 15:15:12 | INFO    | bei_news | Database already has 5 sources, skipping seed
2026-07-23 15:15:12 | INFO    | bei_news.scheduler | TimeBasedScheduler started
2026-07-23 15:15:12 | INFO    | bei_news | Scheduler started
2026-07-23 15:15:12 | INFO    | bei_news.scheduler | Outside all active slots, sleeping 1h before re-checking
2026-07-23 15:15:27 | INFO    | bei_news.scheduler | TimeBasedScheduler stopped
2026-07-23 15:15:27 | INFO    | bei_news | App shutdown
2026-07-23 15:15:27 | INFO    | bei_news.database | Database engine initialized: sqlite:///./data/bei_news_v2.db
2026-07-23 15:15:27 | INFO    | bei_news | App starting, db=sqlite:///./data/bei_news_v2.db, proxy=on
2026-07-23 15:15:27 | INFO    | bei_news | Database tables created successfully
2026-07-23 15:15:27 | INFO    | bei_news | Database already has 5 sources, skipping seed
2026-07-23 15:15:27 | INFO    | bei_news.scheduler | TimeBasedScheduler started
2026-07-23 15:15:27 | INFO    | bei_news | Scheduler started
2026-07-23 15:15:27 | INFO    | bei_news.scheduler | Outside all active slots, sleeping 1h before re-checking
2026-07-23 15:17:50 | INFO    | bei_news.database | Database engine initialized: sqlite:///./data/bei_news_v2.db
2026-07-23 15:20:53 | INFO    | bei_news.scheduler | TimeBasedScheduler stopped
2026-07-23 15:20:53 | INFO    | bei_news | App shutdown
2026-07-23 15:20:55 | INFO    | bei_news.database | Database engine initialized: sqlite:///./data/bei_news_v2.db
2026-07-23 15:20:55 | INFO    | bei_news.database | Database engine initialized: sqlite:///./data/bei_news_v2.db
2026-07-23 15:20:55 | INFO    | bei_news | App starting, db=sqlite:///./data/bei_news_v2.db, proxy=on
2026-07-23 15:20:55 | INFO    | bei_news | Database tables created successfully
2026-07-23 15:20:55 | INFO    | bei_news | Database already has 5 sources, skipping seed
2026-07-23 15:20:55 | INFO    | bei_news.scheduler | TimeBasedScheduler started
2026-07-23 15:20:55 | INFO    | bei_news | Scheduler started
2026-07-23 15:20:55 | INFO    | bei_news.scheduler | Outside all active slots, sleeping 1h before re-checking
2026-07-23 15:21:06 | INFO    | bei_news.content_fetcher | Cached full content for article 200, expires at 2026-07-24T07:21:06Z
2026-07-23 15:27:02 | INFO    | bei_news.content_fetcher | Cached full content for article 146, expires at 2026-07-24T07:27:02Z
2026-07-23 15:27:10 | INFO    | bei_news.content_fetcher | Cached full content for article 145, expires at 2026-07-24T07:27:10Z
2026-07-23 15:27:18 | INFO    | bei_news.content_fetcher | Cached full content for article 199, expires at 2026-07-24T07:27:18Z
2026-07-23 15:27:36 | INFO    | bei_news.content_fetcher | Cached full content for article 78, expires at 2026-07-24T07:27:36Z
2026-07-23 16:20:55 | INFO    | bei_news.scheduler | Outside all active slots, sleeping 1h before re-checking
2026-07-23 16:43:44 | INFO    | bei_news.scheduler | TimeBasedScheduler stopped
2026-07-23 16:43:44 | INFO    | bei_news | App shutdown
2026-07-23 16:44:14 | INFO    | bei_news.database | Database engine initialized: sqlite:///./data/bei_news_v2.db
2026-07-23 16:44:14 | INFO    | bei_news.database | Database engine initialized: sqlite:///./data/bei_news_v2.db
2026-07-23 16:44:14 | INFO    | bei_news | App starting, db=sqlite:///./data/bei_news_v2.db, proxy=on
2026-07-23 16:44:14 | INFO    | bei_news | Database tables created successfully
2026-07-23 16:44:14 | INFO    | bei_news | Database already has 5 sources, skipping seed
2026-07-23 16:44:14 | INFO    | bei_news.scheduler | TimeBasedScheduler started
2026-07-23 16:44:14 | INFO    | bei_news | Scheduler started
2026-07-23 16:44:14 | INFO    | bei_news.scheduler | Outside all active slots, sleeping 1h before re-checking
2026-07-23 16:46:01 | INFO    | bei_news.scheduler | TimeBasedScheduler stopped
2026-07-23 16:46:01 | INFO    | bei_news | App shutdown
2026-07-23 16:46:02 | INFO    | bei_news.database | Database engine initialized: sqlite:///./data/bei_news_v2.db
2026-07-23 16:46:03 | INFO    | bei_news | App starting, db=sqlite:///./data/bei_news_v2.db, proxy=on
2026-07-23 16:46:03 | INFO    | bei_news | Database tables created successfully
2026-07-23 16:46:03 | INFO    | bei_news | Database already has 5 sources, skipping seed
2026-07-23 16:46:03 | INFO    | bei_news.scheduler | TimeBasedScheduler started
2026-07-23 16:46:03 | INFO    | bei_news | Scheduler started
2026-07-23 16:46:03 | INFO    | bei_news.scheduler | Outside all active slots, sleeping 1h before re-checking
2026-07-23 16:46:40 | INFO    | bei_news.crawler.rss_adapter | RSSAdapter fetched 45 items for validate
2026-07-23 16:46:40 | INFO    | bei_news | Added custom source: The Guardian (code=custom_the_guardian, type=rss)
2026-07-23 16:46:46 | INFO    | bei_news.crawler.rss_adapter | RSSAdapter fetched 45 items for custom_the_guardian
2026-07-23 16:53:42 | INFO    | bei_news.crawler.bbc | BBC fetched 34 items
2026-07-23 16:53:42 | INFO    | bei_news | fetch[bbc]: {'source': 'bbc', 'status': 'ok', 'fetched': 34, 'inserted': 8, 'skipped': 26}
2026-07-23 16:54:09 | INFO    | bei_news.crawler.cnn | CNN fetched 50 items
2026-07-23 16:54:09 | INFO    | bei_news | fetch[cnn]: {'source': 'cnn', 'status': 'ok', 'fetched': 50, 'inserted': 1, 'skipped': 49}
2026-07-23 16:54:22 | INFO    | bei_news.crawler.aljazeera | Al Jazeera fetched 15 items
2026-07-23 16:54:22 | INFO    | bei_news | fetch[aljazeera]: {'source': 'aljazeera', 'status': 'ok', 'fetched': 15, 'inserted': 3, 'skipped': 12}
2026-07-23 16:54:49 | INFO    | bei_news.crawler.ap | AP fetched 50 items
2026-07-23 16:54:49 | INFO    | bei_news | fetch[ap]: {'source': 'ap', 'status': 'ok', 'fetched': 50, 'inserted': 8, 'skipped': 42}
2026-07-23 16:55:04 | INFO    | bei_news.crawler.rss_adapter | RSSAdapter fetched 50 items for reuters
2026-07-23 16:55:04 | INFO    | bei_news | fetch[reuters]: {'source': 'reuters', 'status': 'ok', 'fetched': 50, 'inserted': 18, 'skipped': 32}
2026-07-23 16:55:21 | INFO    | bei_news.crawler.rss_adapter | RSSAdapter fetched 45 items for custom_the_guardian
2026-07-23 16:55:21 | INFO    | bei_news | fetch[custom_the_guardian]: {'source': 'custom_the_guardian', 'status': 'ok', 'fetched': 45, 'inserted': 41, 'skipped': 4}
2026-07-23 16:56:55 | INFO    | bei_news.content_fetcher | Cached full content for article 90, expires at 2026-07-24T08:56:55Z
2026-07-23 17:02:00 | INFO    | bei_news.database | Database engine initialized: sqlite:///./data/bei_news_v2.db
2026-07-23 17:02:15 | INFO    | bei_news.database | Database engine initialized: sqlite:///./data/bei_news_v2.db
2026-07-23 17:13:48 | INFO    | bei_news.content_fetcher | Cached full content for article 223, expires at 2026-07-24T09:13:48Z
2026-07-24 09:36:09 | INFO    | bei_news.database | Database engine initialized: sqlite:///./data/bei_news_v2.db
2026-07-24 09:36:09 | INFO    | bei_news | App starting, db=sqlite:///./data/bei_news_v2.db, proxy=on
2026-07-24 09:36:09 | INFO    | bei_news | Database tables created successfully
2026-07-24 09:36:09 | INFO    | bei_news | Database already has 6 sources, skipping seed
2026-07-24 09:36:09 | INFO    | bei_news.scheduler | TimeBasedScheduler started
2026-07-24 09:36:09 | INFO    | bei_news | Scheduler started
2026-07-24 09:36:09 | INFO    | bei_news.scheduler | Outside all active slots, sleeping 1h before re-checking
2026-07-24 09:37:17 | INFO    | bei_news.scheduler | TimeBasedScheduler stopped
2026-07-24 09:37:17 | INFO    | bei_news | App shutdown
2026-07-24 09:37:17 | INFO    | bei_news.database | Database engine initialized: sqlite:///./data/bei_news_v2.db
2026-07-24 09:37:18 | INFO    | bei_news | App starting, db=sqlite:///./data/bei_news_v2.db, proxy=on
2026-07-24 09:37:18 | INFO    | bei_news | Database tables created successfully
2026-07-24 09:37:18 | INFO    | bei_news | Database already has 6 sources, skipping seed
2026-07-24 09:37:18 | INFO    | bei_news.scheduler | TimeBasedScheduler started
2026-07-24 09:37:18 | INFO    | bei_news | Scheduler started
2026-07-24 09:37:18 | INFO    | bei_news.scheduler | Outside all active slots, sleeping 1h before re-checking
2026-07-24 09:38:42 | INFO    | bei_news.database | Database engine initialized: sqlite:///./data/bei_news_v2.db
2026-07-24 09:38:43 | INFO    | bei_news.database | Database engine initialized: sqlite:///./data/bei_news_v2.db
2026-07-24 09:38:43 | INFO    | bei_news | App starting, db=sqlite:///./data/bei_news_v2.db, proxy=on
2026-07-24 09:38:43 | INFO    | bei_news | Database tables created successfully
2026-07-24 09:38:43 | INFO    | bei_news | Database already has 6 sources, skipping seed
2026-07-24 09:38:43 | INFO    | bei_news.scheduler | TimeBasedScheduler started
2026-07-24 09:38:43 | INFO    | bei_news | Scheduler started
2026-07-24 09:38:43 | INFO    | bei_news.scheduler | Outside all active slots, sleeping 1h before re-checking
2026-07-24 09:41:06 | INFO    | bei_news.database | Database engine initialized: sqlite:///./data/bei_news_v2.db
2026-07-24 09:41:06 | INFO    | bei_news.database | Database engine initialized: sqlite:///./data/bei_news_v2.db
2026-07-24 09:41:06 | INFO    | bei_news | App starting, db=sqlite:///./data/bei_news_v2.db, proxy=on
2026-07-24 09:41:06 | INFO    | bei_news | Database tables created successfully
2026-07-24 09:41:06 | INFO    | bei_news | Database already has 6 sources, skipping seed
2026-07-24 09:41:06 | INFO    | bei_news.scheduler | TimeBasedScheduler started
2026-07-24 09:41:06 | INFO    | bei_news | Scheduler started
2026-07-24 09:41:06 | INFO    | bei_news.scheduler | Outside all active slots, sleeping 1h before re-checking
2026-07-24 09:41:59 | INFO    | bei_news.content_fetcher | Cached full content for article 294, expires at 2026-07-25T01:41:59Z
2026-07-24 09:58:22 | INFO    | bei_news.scheduler | TimeBasedScheduler stopped
2026-07-24 09:58:22 | INFO    | bei_news | App shutdown
2026-07-24 09:58:23 | INFO    | bei_news.database | Database engine initialized: sqlite:///./data/bei_news_v2.db
2026-07-24 09:58:23 | INFO    | bei_news | App starting, db=sqlite:///./data/bei_news_v2.db, proxy=on
2026-07-24 09:58:23 | INFO    | bei_news | Database tables created successfully
2026-07-24 09:58:23 | INFO    | bei_news | Database already has 6 sources, skipping seed
2026-07-24 09:58:23 | INFO    | bei_news.scheduler | TimeBasedScheduler started
2026-07-24 09:58:23 | INFO    | bei_news | Scheduler started
2026-07-24 09:58:23 | INFO    | bei_news.scheduler | Outside all active slots, sleeping 1h before re-checking
2026-07-24 09:59:44 | INFO    | bei_news.scheduler | TimeBasedScheduler stopped
2026-07-24 09:59:44 | INFO    | bei_news | App shutdown
2026-07-24 09:59:44 | INFO    | bei_news.database | Database engine initialized: sqlite:///./data/bei_news_v2.db
2026-07-24 09:59:44 | INFO    | bei_news | App starting, db=sqlite:///./data/bei_news_v2.db, proxy=on
2026-07-24 09:59:44 | INFO    | bei_news | Database tables created successfully
2026-07-24 09:59:44 | INFO    | bei_news | Database already has 6 sources, skipping seed
2026-07-24 09:59:44 | INFO    | bei_news.scheduler | TimeBasedScheduler started
2026-07-24 09:59:44 | INFO    | bei_news | Scheduler started
2026-07-24 09:59:44 | INFO    | bei_news.scheduler | Outside all active slots, sleeping 1h before re-checking
2026-07-24 10:02:09 | INFO    | bei_news.scheduler | TimeBasedScheduler stopped
2026-07-24 10:02:09 | INFO    | bei_news | App shutdown
2026-07-24 10:02:10 | INFO    | bei_news.database | Database engine initialized: sqlite:///./data/bei_news_v2.db
2026-07-24 10:02:10 | INFO    | bei_news | App starting, db=sqlite:///./data/bei_news_v2.db, proxy=on
2026-07-24 10:02:10 | INFO    | bei_news | Database tables created successfully
2026-07-24 10:02:10 | INFO    | bei_news | Database already has 6 sources, skipping seed
2026-07-24 10:02:10 | INFO    | bei_news.scheduler | TimeBasedScheduler started
2026-07-24 10:02:10 | INFO    | bei_news | Scheduler started
2026-07-24 10:02:10 | INFO    | bei_news.scheduler | Outside all active slots, sleeping 1h before re-checking
2026-07-24 10:04:20 | INFO    | bei_news.scheduler | TimeBasedScheduler stopped
2026-07-24 10:04:20 | INFO    | bei_news | App shutdown
2026-07-24 10:04:21 | INFO    | bei_news.database | Database engine initialized: sqlite:///./data/bei_news_v2.db
2026-07-24 10:04:21 | INFO    | bei_news | App starting, db=sqlite:///./data/bei_news_v2.db, proxy=on
2026-07-24 10:04:21 | INFO    | bei_news | Database tables created successfully
2026-07-24 10:04:21 | INFO    | bei_news | Database already has 6 sources, skipping seed
2026-07-24 10:04:21 | INFO    | bei_news.scheduler | TimeBasedScheduler started
2026-07-24 10:04:21 | INFO    | bei_news | Scheduler started
2026-07-24 10:04:21 | INFO    | bei_news.scheduler | Outside all active slots, sleeping 1h before re-checking
2026-07-24 10:06:34 | INFO    | bei_news.scheduler | TimeBasedScheduler stopped
2026-07-24 10:06:34 | INFO    | bei_news | App shutdown
2026-07-24 10:06:34 | INFO    | bei_news.database | Database engine initialized: sqlite:///./data/bei_news_v2.db
2026-07-24 10:06:34 | INFO    | bei_news | App starting, db=sqlite:///./data/bei_news_v2.db, proxy=on
2026-07-24 10:06:34 | INFO    | bei_news | Database tables created successfully
2026-07-24 10:06:34 | INFO    | bei_news | Database already has 6 sources, skipping seed
2026-07-24 10:06:34 | INFO    | bei_news.scheduler | TimeBasedScheduler started
2026-07-24 10:06:34 | INFO    | bei_news | Scheduler started
2026-07-24 10:06:34 | INFO    | bei_news.scheduler | Outside all active slots, sleeping 1h before re-checking
2026-07-24 10:07:17 | INFO    | bei_news.scheduler | TimeBasedScheduler stopped
2026-07-24 10:07:17 | INFO    | bei_news | App shutdown
2026-07-24 10:07:17 | INFO    | bei_news.database | Database engine initialized: sqlite:///./data/bei_news_v2.db
2026-07-24 10:07:17 | INFO    | bei_news | App starting, db=sqlite:///./data/bei_news_v2.db, proxy=on
2026-07-24 10:07:17 | INFO    | bei_news | Database tables created successfully
2026-07-24 10:07:17 | INFO    | bei_news | Database already has 6 sources, skipping seed
2026-07-24 10:07:17 | INFO    | bei_news.scheduler | TimeBasedScheduler started
2026-07-24 10:07:17 | INFO    | bei_news | Scheduler started
2026-07-24 10:07:17 | INFO    | bei_news.scheduler | Outside all active slots, sleeping 1h before re-checking
2026-07-24 10:08:12 | INFO    | bei_news.database | Database engine initialized: sqlite:///./data/bei_news_v2.db
2026-07-24 10:08:12 | INFO    | bei_news.database | Database engine initialized: sqlite:///./data/bei_news_v2.db
2026-07-24 10:08:13 | INFO    | bei_news | App starting, db=sqlite:///./data/bei_news_v2.db, proxy=on
2026-07-24 10:08:13 | INFO    | bei_news | Database tables created successfully
2026-07-24 10:08:13 | INFO    | bei_news | Seeded 5 preset news sources from config
2026-07-24 10:08:13 | INFO    | bei_news | Database initialized: sqlite:///./data/bei_news_v2.db
2026-07-24 10:08:13 | INFO    | bei_news.scheduler | TimeBasedScheduler started
2026-07-24 10:08:13 | INFO    | bei_news | Scheduler started
2026-07-24 10:08:13 | INFO    | bei_news.scheduler | Outside all active slots, sleeping 1h before re-checking
2026-07-24 10:08:18 | INFO    | bei_news.crawler.bbc | BBC fetched 34 items
2026-07-24 10:08:18 | INFO    | bei_news | fetch[bbc]: {'source': 'bbc', 'status': 'ok', 'fetched': 34, 'inserted': 34, 'skipped': 0}
2026-07-24 10:08:32 | INFO    | bei_news.crawler.cnn | CNN fetched 50 items
2026-07-24 10:08:33 | INFO    | bei_news | fetch[cnn]: {'source': 'cnn', 'status': 'ok', 'fetched': 50, 'inserted': 50, 'skipped': 0}
2026-07-24 10:08:50 | INFO    | bei_news.crawler.aljazeera | Al Jazeera fetched 16 items
2026-07-24 10:08:50 | INFO    | bei_news | fetch[aljazeera]: {'source': 'aljazeera', 'status': 'ok', 'fetched': 16, 'inserted': 16, 'skipped': 0}
2026-07-24 10:09:07 | INFO    | bei_news.crawler.ap | AP fetched 50 items
2026-07-24 10:09:07 | INFO    | bei_news | fetch[ap]: {'source': 'ap', 'status': 'ok', 'fetched': 50, 'inserted': 50, 'skipped': 0}
2026-07-24 10:09:18 | INFO    | bei_news.crawler.rss_adapter | RSSAdapter fetched 50 items for reuters
2026-07-24 10:09:18 | INFO    | bei_news | fetch[reuters]: {'source': 'reuters', 'status': 'ok', 'fetched': 50, 'inserted': 50, 'skipped': 0}
2026-07-24 10:21:29 | INFO    | bei_news.database | Database engine initialized: sqlite:///./data/bei_news_v2.db
2026-07-24 10:21:29 | INFO    | bei_news.database | Database engine initialized: sqlite:///./data/bei_news_v2.db
2026-07-24 10:21:30 | INFO    | bei_news | App starting, db=sqlite:///./data/bei_news_v2.db, proxy=on
2026-07-24 10:21:30 | INFO    | bei_news | Database tables created successfully
2026-07-24 10:21:30 | INFO    | bei_news | Database already has 5 sources, skipping seed
2026-07-24 10:21:30 | INFO    | bei_news.scheduler | TimeBasedScheduler started
2026-07-24 10:21:30 | INFO    | bei_news | Scheduler started
2026-07-24 10:21:30 | INFO    | bei_news.scheduler | Outside all active slots, sleeping 1h before re-checking
2026-07-24 10:36:05 | INFO    | bei_news.crawler.bbc | BBC fetched 33 items
2026-07-24 10:36:05 | INFO    | bei_news | fetch[bbc]: {'source': 'bbc', 'status': 'ok', 'fetched': 33, 'inserted': 1, 'skipped': 32}
2026-07-24 10:36:30 | INFO    | bei_news.crawler.cnn | CNN fetched 50 items
2026-07-24 10:36:30 | INFO    | bei_news | fetch[cnn]: {'source': 'cnn', 'status': 'ok', 'fetched': 50, 'inserted': 0, 'skipped': 50}
2026-07-24 10:36:59 | INFO    | bei_news.crawler.aljazeera | Al Jazeera fetched 16 items
2026-07-24 10:36:59 | INFO    | bei_news | fetch[aljazeera]: {'source': 'aljazeera', 'status': 'ok', 'fetched': 16, 'inserted': 2, 'skipped': 14}
2026-07-24 10:37:11 | INFO    | bei_news.crawler.ap | AP fetched 50 items
2026-07-24 10:37:11 | INFO    | bei_news | fetch[ap]: {'source': 'ap', 'status': 'ok', 'fetched': 50, 'inserted': 2, 'skipped': 48}
2026-07-24 10:37:23 | INFO    | bei_news.crawler.rss_adapter | RSSAdapter fetched 50 items for reuters
2026-07-24 10:37:23 | INFO    | bei_news | fetch[reuters]: {'source': 'reuters', 'status': 'ok', 'fetched': 50, 'inserted': 2, 'skipped': 48}
2026-07-24 10:42:29 | INFO    | bei_news.content_fetcher | Cached full content for article 72, expires at 2026-07-25T02:42:29Z
2026-07-24 10:44:34 | INFO    | bei_news.content_fetcher | Cached full content for article 71, expires at 2026-07-25T02:44:34Z
2026-07-24 10:57:08 | INFO    | bei_news.crawler.rss_adapter | RSSAdapter fetched 45 items for validate
2026-07-24 10:57:08 | INFO    | bei_news | Added custom source: The Guardian (code=custom_the_guardian, type=rss)
2026-07-24 10:57:13 | INFO    | bei_news.crawler.rss_adapter | RSSAdapter fetched 45 items for custom_the_guardian
2026-07-24 10:57:26 | INFO    | bei_news.crawler.bbc | BBC fetched 34 items
2026-07-24 10:57:26 | INFO    | bei_news | fetch[bbc]: {'source': 'bbc', 'status': 'ok', 'fetched': 34, 'inserted': 1, 'skipped': 33}
2026-07-24 10:57:52 | INFO    | bei_news.crawler.cnn | CNN fetched 50 items
2026-07-24 10:57:52 | INFO    | bei_news | fetch[cnn]: {'source': 'cnn', 'status': 'ok', 'fetched': 50, 'inserted': 0, 'skipped': 50}
2026-07-24 10:58:03 | INFO    | bei_news.crawler.aljazeera | Al Jazeera fetched 16 items
2026-07-24 10:58:03 | INFO    | bei_news | fetch[aljazeera]: {'source': 'aljazeera', 'status': 'ok', 'fetched': 16, 'inserted': 0, 'skipped': 16}
2026-07-24 10:58:11 | INFO    | bei_news.crawler.ap | AP fetched 50 items
2026-07-24 10:58:11 | INFO    | bei_news | fetch[ap]: {'source': 'ap', 'status': 'ok', 'fetched': 50, 'inserted': 0, 'skipped': 50}
2026-07-24 10:58:35 | INFO    | bei_news.crawler.rss_adapter | RSSAdapter fetched 50 items for reuters
2026-07-24 10:58:35 | INFO    | bei_news | fetch[reuters]: {'source': 'reuters', 'status': 'ok', 'fetched': 50, 'inserted': 3, 'skipped': 47}
2026-07-24 10:59:02 | INFO    | bei_news.crawler.rss_adapter | RSSAdapter fetched 45 items for custom_the_guardian
2026-07-24 10:59:02 | INFO    | bei_news | fetch[custom_the_guardian]: {'source': 'custom_the_guardian', 'status': 'ok', 'fetched': 45, 'inserted': 40, 'skipped': 5}
2026-07-24 10:59:02 | INFO    | bei_news.scheduler | TimeBasedScheduler stopped
2026-07-24 10:59:02 | INFO    | bei_news | App shutdown
2026-07-24 10:59:02 | INFO    | bei_news.database | Database engine initialized: sqlite:///./data/bei_news_v2.db
2026-07-24 10:59:02 | INFO    | bei_news | App starting, db=sqlite:///./data/bei_news_v2.db, proxy=on
2026-07-24 10:59:02 | INFO    | bei_news | Database tables created successfully
2026-07-24 10:59:02 | INFO    | bei_news | Database already has 6 sources, skipping seed
2026-07-24 10:59:02 | INFO    | bei_news.scheduler | TimeBasedScheduler started
2026-07-24 10:59:02 | INFO    | bei_news | Scheduler started
2026-07-24 10:59:02 | INFO    | bei_news.scheduler | Outside all active slots, sleeping 1h before re-checking
2026-07-24 10:59:32 | INFO    | bei_news.database | Database engine initialized: sqlite:///./data/bei_news_v2.db
2026-07-24 10:59:32 | INFO    | bei_news.database | Database engine initialized: sqlite:///./data/bei_news_v2.db
2026-07-24 10:59:32 | INFO    | bei_news | App starting, db=sqlite:///./data/bei_news_v2.db, proxy=on
2026-07-24 10:59:32 | INFO    | bei_news | Database tables created successfully
2026-07-24 10:59:32 | INFO    | bei_news | Seeded 5 preset news sources from config
2026-07-24 10:59:32 | INFO    | bei_news | Database initialized: sqlite:///./data/bei_news_v2.db
2026-07-24 10:59:32 | INFO    | bei_news.scheduler | TimeBasedScheduler started
2026-07-24 10:59:32 | INFO    | bei_news | Scheduler started
2026-07-24 10:59:32 | INFO    | bei_news.scheduler | Outside all active slots, sleeping 1h before re-checking
2026-07-24 10:59:38 | INFO    | bei_news.crawler.bbc | BBC fetched 34 items
2026-07-24 10:59:38 | INFO    | bei_news | fetch[bbc]: {'source': 'bbc', 'status': 'ok', 'fetched': 34, 'inserted': 34, 'skipped': 0}
2026-07-24 11:00:08 | INFO    | bei_news.crawler.cnn | CNN fetched 50 items
2026-07-24 11:00:08 | INFO    | bei_news | fetch[cnn]: {'source': 'cnn', 'status': 'ok', 'fetched': 50, 'inserted': 50, 'skipped': 0}
2026-07-24 11:00:30 | INFO    | bei_news.crawler.aljazeera | Al Jazeera fetched 16 items
2026-07-24 11:00:31 | INFO    | bei_news | fetch[aljazeera]: {'source': 'aljazeera', 'status': 'ok', 'fetched': 16, 'inserted': 16, 'skipped': 0}
2026-07-24 11:00:51 | INFO    | bei_news.crawler.ap | AP fetched 50 items
2026-07-24 11:00:51 | INFO    | bei_news | fetch[ap]: {'source': 'ap', 'status': 'ok', 'fetched': 50, 'inserted': 50, 'skipped': 0}
2026-07-24 11:01:20 | INFO    | bei_news.crawler.rss_adapter | RSSAdapter fetched 50 items for reuters
2026-07-24 11:01:20 | INFO    | bei_news | fetch[reuters]: {'source': 'reuters', 'status': 'ok', 'fetched': 50, 'inserted': 50, 'skipped': 0}
2026-07-24 11:21:12 | INFO    | bei_news.database | Database engine initialized: sqlite:///./data/bei_news_v2.db
2026-07-24 11:21:13 | INFO    | bei_news.database | Database engine initialized: sqlite:///./data/bei_news_v2.db
2026-07-24 11:21:13 | INFO    | bei_news | App starting, db=sqlite:///./data/bei_news_v2.db, proxy=on
2026-07-24 11:21:13 | INFO    | bei_news | Database tables created successfully
2026-07-24 11:21:13 | INFO    | bei_news | Database already has 5 sources, skipping seed
2026-07-24 11:21:13 | INFO    | bei_news.scheduler | TimeBasedScheduler started
2026-07-24 11:21:13 | INFO    | bei_news | Scheduler started
2026-07-24 11:21:13 | INFO    | bei_news.scheduler | Outside all active slots, sleeping 1h before re-checking
2026-07-24 11:24:16 | INFO    | bei_news.scheduler | TimeBasedScheduler stopped
2026-07-24 11:24:16 | INFO    | bei_news | App shutdown
2026-07-24 11:24:16 | INFO    | bei_news.database | Database engine initialized: sqlite:///./data/bei_news_v2.db
2026-07-24 11:24:16 | INFO    | bei_news | App starting, db=sqlite:///./data/bei_news_v2.db, proxy=on
2026-07-24 11:24:16 | INFO    | bei_news | Database tables created successfully
2026-07-24 11:24:16 | INFO    | bei_news | Database already has 5 sources, skipping seed
2026-07-24 11:24:16 | INFO    | bei_news.scheduler | TimeBasedScheduler started
2026-07-24 11:24:16 | INFO    | bei_news | Scheduler started
2026-07-24 11:24:16 | INFO    | bei_news.scheduler | Outside all active slots, sleeping 1h before re-checking
2026-07-24 11:24:25 | INFO    | bei_news.scheduler | TimeBasedScheduler stopped
2026-07-24 11:24:25 | INFO    | bei_news | App shutdown
2026-07-24 11:24:25 | INFO    | bei_news.database | Database engine initialized: sqlite:///./data/bei_news_v2.db
2026-07-24 11:24:25 | INFO    | bei_news | App starting, db=sqlite:///./data/bei_news_v2.db, proxy=on
2026-07-24 11:24:25 | INFO    | bei_news | Installing Playwright Chromium (one-time setup)...
2026-07-24 11:24:25 | WARNING | bei_news | Playwright Chromium install failed: Command '['/Users/wangyangtao/Documents/ai/code/beiNewsDigest/version2/backend/venv/bin/python', '-m', 'playwright', 'install', 'chromium']' returned non-zero exit status 1.
2026-07-24 11:24:25 | INFO    | bei_news | Database tables created successfully
2026-07-24 11:24:25 | INFO    | bei_news | Database already has 5 sources, skipping seed
2026-07-24 11:24:25 | INFO    | bei_news.scheduler | TimeBasedScheduler started
2026-07-24 11:24:25 | INFO    | bei_news | Scheduler started
2026-07-24 11:24:25 | INFO    | bei_news.scheduler | Outside all active slots, sleeping 1h before re-checking
2026-07-24 11:25:32 | INFO    | bei_news.scheduler | TimeBasedScheduler stopped
2026-07-24 11:25:32 | INFO    | bei_news | App shutdown
2026-07-24 11:25:32 | INFO    | bei_news.database | Database engine initialized: sqlite:///./data/bei_news_v2.db
2026-07-24 11:25:32 | INFO    | bei_news | App starting, db=sqlite:///./data/bei_news_v2.db, proxy=on
2026-07-24 11:25:32 | INFO    | bei_news | Database tables created successfully
2026-07-24 11:25:32 | INFO    | bei_news | Database already has 5 sources, skipping seed
2026-07-24 11:25:32 | INFO    | bei_news.scheduler | TimeBasedScheduler started
2026-07-24 11:25:32 | INFO    | bei_news | Scheduler started
2026-07-24 11:25:32 | INFO    | bei_news.scheduler | Outside all active slots, sleeping 1h before re-checking
2026-07-24 11:25:36 | INFO    | bei_news.scheduler | TimeBasedScheduler stopped
2026-07-24 11:25:36 | INFO    | bei_news | App shutdown
2026-07-24 11:25:37 | INFO    | bei_news.database | Database engine initialized: sqlite:///./data/bei_news_v2.db
2026-07-24 11:25:37 | INFO    | bei_news | App starting, db=sqlite:///./data/bei_news_v2.db, proxy=on
2026-07-24 11:25:37 | INFO    | bei_news | Database tables created successfully
2026-07-24 11:25:37 | INFO    | bei_news | Database already has 5 sources, skipping seed
2026-07-24 11:25:37 | INFO    | bei_news.scheduler | TimeBasedScheduler started
2026-07-24 11:25:37 | INFO    | bei_news | Scheduler started
2026-07-24 11:25:37 | INFO    | bei_news.scheduler | Outside all active slots, sleeping 1h before re-checking
2026-07-24 11:25:49 | INFO    | bei_news.scheduler | TimeBasedScheduler stopped
2026-07-24 11:25:49 | INFO    | bei_news | App shutdown
2026-07-24 11:25:49 | INFO    | bei_news.database | Database engine initialized: sqlite:///./data/bei_news_v2.db
2026-07-24 11:25:49 | INFO    | bei_news | App starting, db=sqlite:///./data/bei_news_v2.db, proxy=on
2026-07-24 11:25:49 | INFO    | bei_news | Database tables created successfully
2026-07-24 11:25:49 | INFO    | bei_news | Database already has 5 sources, skipping seed
2026-07-24 11:25:49 | INFO    | bei_news.scheduler | TimeBasedScheduler started
2026-07-24 11:25:49 | INFO    | bei_news | Scheduler started
2026-07-24 11:25:49 | INFO    | bei_news.scheduler | Outside all active slots, sleeping 1h before re-checking
2026-07-24 11:25:54 | INFO    | bei_news.scheduler | TimeBasedScheduler stopped
2026-07-24 11:25:54 | INFO    | bei_news | App shutdown
2026-07-24 11:25:54 | INFO    | bei_news.database | Database engine initialized: sqlite:///./data/bei_news_v2.db
2026-07-24 11:25:54 | INFO    | bei_news | App starting, db=sqlite:///./data/bei_news_v2.db, proxy=on
2026-07-24 11:25:54 | INFO    | bei_news | Database tables created successfully
2026-07-24 11:25:54 | INFO    | bei_news | Database already has 5 sources, skipping seed
2026-07-24 11:25:54 | INFO    | bei_news.scheduler | TimeBasedScheduler started
2026-07-24 11:25:54 | INFO    | bei_news | Scheduler started
2026-07-24 11:25:54 | INFO    | bei_news.scheduler | Outside all active slots, sleeping 1h before re-checking
